~ on ÓÇ† master [?] via üêç v2.7.16 
‚Üë2% ‚ùØ sudo su postgres
postgres@ASUS:/home/ASUS$ psql
psql (13.0 (Debian 13.0-1.pgdg100+1))
Type "help" for help.

postgres=# \l
                                  List of databases
   Name    |  Owner   | Encoding |   Collate   |    Ctype    |   Access privileges   
-----------+----------+----------+-------------+-------------+-----------------------
 laptop    | django   | UTF8     | en_US.UTF-8 | en_US.UTF-8 | 
 postgres  | postgres | UTF8     | en_US.UTF-8 | en_US.UTF-8 | 
 template0 | postgres | UTF8     | en_US.UTF-8 | en_US.UTF-8 | =c/postgres          +
           |          |          |             |             | postgres=CTc/postgres
 template1 | postgres | UTF8     | en_US.UTF-8 | en_US.UTF-8 | =c/postgres          +
           |          |          |             |             | postgres=CTc/postgres
(4 rows)

postgres=# \du
                                   List of roles
 Role name |                         Attributes                         | Member of 
-----------+------------------------------------------------------------+-----------
 django    | Superuser, Cannot login                                    | {}
 postgres  | Superuser, Create role, Create DB, Replication, Bypass RLS | {}

postgres=# alter user postgres with password 'postgres';
ALTER ROLE
postgres=# \du
                                   List of roles
 Role name |                         Attributes                         | Member of 
-----------+------------------------------------------------------------+-----------
 django    | Superuser, Cannot login                                    | {}
 postgres  | Superuser, Create role, Create DB, Replication, Bypass RLS | {}

postgres=# \password 
Enter new password: 
Enter it again: 
postgres=# create database project
postgres-# ;
CREATE DATABASE
postgres=# \dt
Did not find any relations.
postgres=# \l
                                  List of databases
   Name    |  Owner   | Encoding |   Collate   |    Ctype    |   Access privileges   
-----------+----------+----------+-------------+-------------+-----------------------
 laptop    | django   | UTF8     | en_US.UTF-8 | en_US.UTF-8 | 
 postgres  | postgres | UTF8     | en_US.UTF-8 | en_US.UTF-8 | 
 project   | postgres | UTF8     | en_US.UTF-8 | en_US.UTF-8 | 
 template0 | postgres | UTF8     | en_US.UTF-8 | en_US.UTF-8 | =c/postgres          +
           |          |          |             |             | postgres=CTc/postgres
 template1 | postgres | UTF8     | en_US.UTF-8 | en_US.UTF-8 | =c/postgres          +
           |          |          |             |             | postgres=CTc/postgres
(5 rows)

postgres=# \c project 
You are now connected to database "project" as user "postgres".
project=# select 
project-# 
project-# 
project-# 
project-# *from Task;
ERROR:  relation "task" does not exist
LINE 2: *from Task;
              ^
project=# select * from Task;
ERROR:  relation "task" does not exist
LINE 1: select * from Task;
                      ^
project=# \dt
                   List of relations
 Schema |            Name            | Type  |  Owner   
--------+----------------------------+-------+----------
 public | app_task                   | table | postgres
 public | auth_group                 | table | postgres
 public | auth_group_permissions     | table | postgres
 public | auth_permission            | table | postgres
 public | auth_user                  | table | postgres
 public | auth_user_groups           | table | postgres
 public | auth_user_user_permissions | table | postgres
 public | django_admin_log           | table | postgres
 public | django_content_type        | table | postgres
 public | django_migrations          | table | postgres
 public | django_session             | table | postgres
(11 rows)

project=# select * from app_task;
 id |  name  | status  
----+--------+---------
  1 | minggu | pending
(1 row)

project=# 
